/*
 * Licensed to the Apache Software Foundation (ASF) under one or more
 * contributor license agreements.  See the NOTICE file distributed with
 * this work for additional information regarding copyright ownership.
 * The ASF licenses this file to you under the Apache License, Version 2.0
 * (the "License"); you may not use this file except in compliance with
 * the License.  You may obtain a copy of the License at
 *
 * http://www.apache.org/licenses/LICENSE-2.0
 *
 * Unless required by applicable law or agreed to in writing, software
 * distributed under the License is distributed on an "AS IS" BASIS,
 * WITHOUT WARRANTIES OR CONDITIONS OF ANY KIND, either express or implied.
 * See the License for the specific language governing permissions and
 * limitations under the License.
 */

// Extracted from: processFileTests/multiple_functions_separated/multiple_functions_separated.txt
void foo(int a, int[] b) :
{
    String x = "}";
    String y = "\"";
    String z = "\\";
    char l = '\\';
}
{
    /*
        // }
    */
}

// Extracted from: processFileTests/multiple_functions_separated/multiple_functions_separated.txt
String[] bar( final int a, int b ) :
{
    String x = " ' } ' ";
    char y = '\'';
}
{
    /*
        // }
    */
}

// Extracted from: processFileTests/multiple_functions_separated/multiple_functions_separated.txt
Foo.Bar baz () :
{

}
{

}

// Extracted from: processFileTests/multiple_functions_separated/multiple_functions_separated.txt
final void qux(final String x) :
{

}
{

}

// Extracted from: processFileTests/multiple_functions_separated/multiple_functions_separated.txt
String [] [   ] quux(): {} {}
